SQL> select 1234567, 42
1234567	42
======= ======= 
1234567	42

1 rows in 0 ms

SQL> select 12345678, 42
12345..	42
======= ======= 
12345678	42

1 rows in 0 ms

SQL> select 42
42
======= 
42

1 rows in 0 ms

SQL> select 3+4*2
3+4*2
======= 
11

1 rows in 0 ms

SQL> select 3+x, x+3
3+x	x+3
======= ======= 
NULL	NULL

1 rows in 0 ms

SQL> select $lineno, i from int(1,5) i
$lineno	i
======= ======= 
1	1
2	2
3	3
4	4
5	5

5 rows in 0 ms

SQL> select i,+3, 1/3 from int(1,5) i
iError: expected expression
SQL> select a,b,c,d from foo.csv as foo
a	b	c	d
======= ======= ======= ======= 
1	foo	1	4
2	bar	22	33
3	fie	333	222
4	fum	4444	1111

4 rows in 0 ms

SQL> select 42, "foo"
42	"foo"
======= ======= 
42	foo

1 rows in 0 ms

SQL> select 42, "foo" where 1=1
42	"foo"
======= ======= 
42	foo

1 rows in 0 ms

SQL> select 42, "foo" where 1=0
42	"foo"
======= ======= 

0 rows in 0 ms

SQL> select 42, "foo" where 0.3*3+0.1=1+0.0
42	"foo"
======= ======= 
42	foo

1 rows in 0 ms

SQL> select 42, "foo" where 0.3*3+0.1=1+0.00001
42	"foo"
======= ======= 

0 rows in 0 ms

SQL> select i, i*i from int(1,10) i where i*i>25
i	i*i
======= ======= 
6	36
7	49
8	64
9	81
10	100

5 rows in 0 ms

SQL> select 42 where 1=1 and 1=2
42
======= 

0 rows in 0 ms

SQL> select 42 where 1=1 and 2=2
42
======= 
42

1 rows in 0 ms

SQL> select 42 where not(1=1 and 2=1)
42
======= 
42

1 rows in 0 ms

SQL> select 42 where not(1=1 and 1=2)
42
======= 
42

1 rows in 0 ms

SQL> select plus(3,4)
plus(3
======= 
7

1 rows in 0 ms

SQL> select plus(3)
plus(3)
======= 
Error: expected plus
  2 parameters, got 1
SQL> select plus(3,4,5)
plus(3
======= 
Error: expected plus
  2 parameters, got 3
SQL> select add()
add()
======= 
0

1 rows in 0 ms

SQL> select add(1,2,3)
add(1
======= 
6

1 rows in 0 ms

SQL> select add(3,foo,bar,fie,4)
add(3
======= 
7

1 rows in 0 ms

SQL> select foo as f, upper(f) as F, lower(F)
f	F	lower..
======= ======= ======= 
NULL	NULL	NULL

1 rows in 0 ms

SQL> select "A" as f, char(ascii(lower(f)))
f	char(..
======= ======= 
A	a

1 rows in 0 ms

SQL> select count(i) from int(1,10) i
count..
======= 
1
2
3
4
5
6
7
8
9
10

10 rows in 0 ms

SQL> select type(NULL) as tnull, type(foo) as tstr, type(3.3) as tnumber, type(3) as tint
tnull	tstr	tnumber	tint
======= ======= ======= ======= 
none	none	num	int

1 rows in 0 ms

SQL> select 1 as foo, sum(foo) from int(1,10) i
foo	sum(f..
======= ======= 
1	1
1	2
1	3
1	4
1	5
1	6
1	7
1	8
1	9
1	10

10 rows in 0 ms

SQL> select count(i), sum(i), min(i), avg(i), max(i), stdev(i) from int(1,10) i
count..	sum(i)	min(i)	avg(i)	max(i)	stdev..
======= ======= ======= ======= ======= ======= 
1	1	1	1	1	nan
2	3	1	1.5	2	0.707106781186548
3	6	1	2	3	1
4	10	1	2.5	4	1.29099444873581
5	15	1	3	5	1.58113883008419
6	21	1	3.5	6	1.87082869338697
7	28	1	4	7	2.16024689946929
8	36	1	4.5	8	2.44948974278318
9	45	1	5	9	2.73861278752583
10	55	1	5.5	10	3.02765035409749

10 rows in 0 ms

SQL> select 42 as foo,null,1234567890,i+333333333 from int(1,3) as i
foo	null	12345..	i+333..
======= ======= ======= ======= 
42	NULL	1234567890	NULL
42	NULL	1234567890	NULL
42	NULL	1234567890	NULL

3 rows in 0 ms

SQL> select ta.a, tb.a from foo.csv ta, foo.csv tb where ta.a=tb.a
ta.a	tb.a
======= ======= 
1	1
2	2
3	3
4	4

4 rows in 0 ms

SQL> select i,j,i*j from int(1,20) i, int(1,10) j where i=j
i	j	i*j
======= ======= ======= 
1	1	1
2	2	4
3	3	9
4	4	16
5	5	25
6	6	36
7	7	49
8	8	64
9	9	81
10	10	100

10 rows in 0 ms

SQL> select 42 where (1)=1
42
======= 
Error: expected comparator
SQL> select 42 where ((1)=1)
42
======= 
Error: expected comparator
SQL> select count(42)
count..
======= 
Error: expected count
  currently only works on named variables
SQL> select count(1) from int(1,10) i
count..
======= 
Error: expected count
  currently only works on named variables
SQL> select 123 456, 42
123
======= 
123

1 rows in 0 ms

